9412326
821799
0
0
0
0
0
0
0
0
0
0
0
3600630
5300064
4404114
3004947
0
0
0